
          -------------------------------------------------------
          Amber 18 SANDER                              2018
          -------------------------------------------------------

| Run on 09/20/2018 at 12:40:59

|   Executable path: /home/case/ambermini/bin/sander
| Working directory: /Users/case/phenix_svnf/modules/amber_adaptbx/tests/files/1dy5
|          Hostname: Unknown
  [-O]verwriting output

File Assignments:
|  MDIN: 1dy5_amber_all.in                                                     
| MDOUT: 1dy5.min.out                                                          
|INPCRD: 4amber_1dy5.rst7                                                      
|  PARM: 4amber_1dy5.prmtop                                                    
|RESTRT: 4amber_1dy5.min.rst7                                                  
|  REFC: 4amber_1dy5.rst7                                                      
| MDVEL: mdvel                                                                 
| MDFRC: mdfrc                                                                 
|  MDEN: mden                                                                  
| MDCRD: mdcrd                                                                 
|MDINFO: mdinfo                                                                
|  MTMD: mtmd                                                                  
|INPDIP: inpdip                                                                
|RSTDIP: rstdip                                                                
|INPTRA: inptraj                                                               


 Here is the input file:

Initial minimization                                                           
      &cntrl                                                                   
       ntwx   = 0, ntb    = 1, cut    = 9.0,     nsnb   = 10,                  
       imin   = 1, maxcyc = 50, ncyc   = 200, ntmin  = 1, ntxo = 1,            
       ntpr=10, ntr=1, restraint_wt=2.0, restraintmask='!@H=',                 
      /                                                                        
                                                                               

--------------------------------------------------------------------------------
   1.  RESOURCE   USE: 
--------------------------------------------------------------------------------

| Flags:                                                                        
 getting new box info from bottom of inpcrd
| peek_ewald_inpcrd: Box info found
|Largest sphere to fit in unit cell has radius =    18.735
| New format PARM file being parsed.
| Version =    1.000 Date = 09/20/18 Time = 12:40:57
 NATOM  =    9980 NTYPES =      24 NBONH =    6050 MBONA  =    3980
 NTHETH =    8508 MTHETA =    5364 NPHIH =   17608 MPHIA  =   16914
 NHPARM =       0 NPARM  =       0 NNB   =   44922 NRES   =    1288
 NBONA  =    3980 NTHETA =    5364 NPHIA =   16914 NUMBND =      72
 NUMANG =     160 NPTRA  =     191 NATYP =      39 NPHB   =       1
 IFBOX  =       1 NMXRS  =      24 IFCAP =       0 NEXTRA =       0
 NCOPY  =       0


|     Memory Use     Allocated
|     Real              744105
|     Hollerith          31230
|     Integer          1903549
|     Max Pairs        4427793
|     nblistReal        119760
|     nblist Int        522161
|       Total            33642 kbytes

| Note: 1-4 EEL scale factors are being read from the topology file.

| Note: 1-4 VDW scale factors are being read from the topology file.
| Duplicated    0 dihedrals
| Duplicated    0 dihedrals

     BOX TYPE: RECTILINEAR

--------------------------------------------------------------------------------
   2.  CONTROL  DATA  FOR  THE  RUN
--------------------------------------------------------------------------------

default_name                                                                    

General flags:
     imin    =       1, nmropt  =       0

Nature and format of input:
     ntx     =       1, irest   =       0, ntrx    =       1

Nature and format of output:
     ntxo    =       1, ntpr    =      10, ntrx    =       1, ntwr    =       1
     iwrap   =       0, ntwx    =       0, ntwv    =       0, ntwe    =       0
     ioutfm  =       1, ntwprt  =       0, idecomp =       0, rbornstat=      0

Potential function:
     ntf     =       1, ntb     =       1, igb     =       0, nsnb    =      10
     ipol    =       0, gbsa    =       0, iesp    =       0
     dielc   =   1.00000, cut     =   9.00000, intdiel =   1.00000

Frozen or restrained atoms:
     ibelly  =       0, ntr     =       1
     restraint_wt =   2.00000

Energy minimization:
     maxcyc  =      50, ncyc    =     200, ntmin   =       1
     dx0     =   0.01000, drms    =   0.00010

Ewald parameters:
     verbose =       0, ew_type =       0, nbflag  =       1, use_pme =       1
     vdwmeth =       1, eedmeth =       1, netfrc  =       0
     Box X =   61.314   Box Y =   37.470   Box Z =   44.915
     Alpha =   90.000   Beta  =   94.550   Gamma =   90.000
     NFFT1 =   64       NFFT2 =   40       NFFT3 =   45
     Cutoff=    9.000   Tol   =0.100E-04
     Ewald Coefficient =  0.30768
     Interpolation order =    4
     Setting ifbox to 3 for non-orthogonal unit cell

    LOADING THE CONSTRAINED ATOMS AS GROUPS


   5.  REFERENCE ATOM COORDINATES

      
     Mask !@H=; matches  4692 atoms

--------------------------------------------------------------------------------
   3.  ATOMIC COORDINATES AND VELOCITIES
--------------------------------------------------------------------------------

                                                                                
 begin time read from input coords =     0.000 ps

 Number of triangulated 3-point waters found:      762

     Sum of charges from parm topology file =  -7.98797633
     Assuming uniform neutralizing plasma

--------------------------------------------------------------------------------
   4.  RESULTS
--------------------------------------------------------------------------------

 ---------------------------------------------------
 APPROXIMATING switch and d/dx switch using CUBIC SPLINE INTERPOLATION
 using   5000.0 points per unit in tabled values
 TESTING RELATIVE ERROR over r ranging from 0.0 to cutoff
| CHECK switch(x): max rel err =   0.2738E-14   at   2.422500
| CHECK d/dx switch(x): max rel err =   0.8314E-11   at   2.736960
 ---------------------------------------------------
| Local SIZE OF NONBOND LIST =    2706240
| TOTAL SIZE OF NONBOND LIST =    2706240


   NSTEP       ENERGY          RMS            GMAX         NAME    NUMBER
      1       2.3543E+12     5.5741E+11     4.0506E+13     O        9936

 BOND    =    18113.7628  ANGLE   =     5743.8946  DIHED      =     6047.3146
 VDWAALS = *************  EEL     =   -38447.3893  HBOND      =        0.0000
 1-4 VDW =     6562.8940  1-4 EEL =    21752.5830  RESTRAINT  =        0.0000


   NSTEP       ENERGY          RMS            GMAX         NAME    NUMBER
     10       6.1688E+10     1.0731E+10     7.7979E+11     O        9936

 BOND    =    18113.0820  ANGLE   =     5743.8485  DIHED      =     6047.3392
 VDWAALS = *************  EEL     =   -38856.8476  HBOND      =        0.0000
 1-4 VDW =     6562.9650  1-4 EEL =    21752.5474  RESTRAINT  =        0.0216
 EAMBER  = *************


   NSTEP       ENERGY          RMS            GMAX         NAME    NUMBER
     20       1.6370E+07     4.3553E+05     1.3796E+07     O        4946

 BOND    =    18147.6140  ANGLE   =     5746.2224  DIHED      =     6047.7895
 VDWAALS = 16351836.1713  EEL     =   -39741.9853  HBOND      =        0.0000
 1-4 VDW =     6562.6283  1-4 EEL =    21752.3160  RESTRAINT  =        0.9960
 EAMBER  = 16370350.7561


   NSTEP       ENERGY          RMS            GMAX         NAME    NUMBER
     30       2.9263E+04     1.0037E+02     3.4297E+03     OD2      7856

 BOND    =    15916.8212  ANGLE   =     5866.7922  DIHED      =     6069.6509
 VDWAALS =    17208.9222  EEL     =   -40512.2192  HBOND      =        0.0000
 1-4 VDW =     2924.4133  1-4 EEL =    21758.2299  RESTRAINT  =       30.7139
 EAMBER  =    29232.6106


   NSTEP       ENERGY          RMS            GMAX         NAME    NUMBER
     40      -1.1493E+04     6.3055E+00     2.1410E+02     NH2      5585

 BOND    =      823.6131  ANGLE   =     3208.7570  DIHED      =     6073.9255
 VDWAALS =    -2478.2167  EEL     =   -42858.5605  HBOND      =        0.0000
 1-4 VDW =     2115.0084  1-4 EEL =    21451.8176  RESTRAINT  =      170.8673
 EAMBER  =   -11663.6557


   NSTEP       ENERGY          RMS            GMAX         NAME    NUMBER
     50      -1.5085E+04     9.6711E+00     5.4916E+02     CZ       5581

 BOND    =      820.6676  ANGLE   =     2528.7631  DIHED      =     6097.5782
 VDWAALS =    -3152.7493  EEL     =   -44898.2405  HBOND      =        0.0000
 1-4 VDW =     1994.0052  1-4 EEL =    21280.6343  RESTRAINT  =      243.9270
 EAMBER  =   -15329.3414


  Maximum number of minimization cycles reached.


                    FINAL RESULTS



   NSTEP       ENERGY          RMS            GMAX         NAME    NUMBER
     50      -1.5085E+04     9.6711E+00     5.4916E+02     CZ       5581

 BOND    =      820.6676  ANGLE   =     2528.7631  DIHED      =     6097.5782
 VDWAALS =    -3152.7493  EEL     =   -44898.2405  HBOND      =        0.0000
 1-4 VDW =     1994.0052  1-4 EEL =    21280.6343  RESTRAINT  =      243.9270
 EAMBER  =   -15329.3414

--------------------------------------------------------------------------------
   5.  TIMINGS
--------------------------------------------------------------------------------

|    Read coords time           0.01 ( 0.11% of Total)
|                Build the list             0.21 (96.09% of List )
|                Other                      0.01 ( 3.91% of List )
|             List time                  0.22 ( 6.35% of Nonbo)
|                   Short_ene time             2.61 (99.34% of Direc)
|                   Other                      0.02 ( 0.66% of Direc)
|                Direct Ewald time          2.63 (81.63% of Ewald)
|                Adjust Ewald time          0.07 ( 2.16% of Ewald)
|                   Fill Bspline coeffs        0.02 ( 4.85% of Recip)
|                   Fill charge grid           0.05 (11.21% of Recip)
|                   Scalar sum                 0.16 (31.65% of Recip)
|                   Grad sum                   0.10 (19.87% of Recip)
|                   FFT time                   0.16 (32.32% of Recip)
|                   Other                      0.00 ( 0.11% of Recip)
|                Recip Ewald time           0.49 (15.21% of Ewald)
|                Virial junk                0.00 ( 0.05% of Ewald)
|                Other                      0.03 ( 0.95% of Ewald)
|             Ewald time                 3.22 (93.64% of Nonbo)
|          Nonbond force              3.44 (93.37% of Force)
|          Bond/Angle/Dihedral        0.24 ( 6.57% of Force)
|          Other                      0.00 ( 0.06% of Force)
|       Force time                 3.69 (100.0% of Runmd)
|    Runmd Time                 3.69 (80.12% of Total)
|    Other                      0.91 (19.77% of Total)
| Total time                 4.60 (100.0% of ALL  )

| Number of list builds   :          3

| Highest rstack allocated:     520670
| Highest istack allocated:       9980
|           Job began  at 12:40:59.274  on 09/20/2018
|           Setup done at 12:40:59.406  on 09/20/2018
|           Run   done at 12:41:03.878  on 09/20/2018
|     wallclock() was called    1954 times
