
          -------------------------------------------------------
          Amber 16 SANDER                              2016
          -------------------------------------------------------

| Run on 09/27/2017 at 14:58:08

|   Executable path: sander
| Working directory: /Users/case/xtal/phenix_svn/modules/amber_adaptbx/tests/files/3cfb
|          Hostname: Unknown
  [-O]verwriting output

File Assignments:
|  MDIN: 3cfb_amber_all.in                                                     
| MDOUT: 3cfb.min.out                                                          
|INPCRD: 4amber_3cfb.rst7                                                      
|  PARM: 4amber_3cfb.prmtop                                                    
|RESTRT: 4amber_3cfb.min.rst7                                                  
|  REFC: 4amber_3cfb.rst7                                                      
| MDVEL: mdvel                                                                 
| MDFRC: mdfrc                                                                 
|  MDEN: mden                                                                  
| MDCRD: mdcrd                                                                 
|MDINFO: mdinfo                                                                
|  MTMD: mtmd                                                                  
|INPDIP: inpdip                                                                
|RSTDIP: rstdip                                                                
|INPTRA: inptraj                                                               


 Here is the input file:

Initial minimization                                                           
      &cntrl                                                                   
       ntwx   = 0, ntb    = 1, cut    = 9.0,     nsnb   = 10,                  
       imin   = 1, maxcyc = 50, ncyc   = 200, ntmin  = 1, ntxo = 1,            
       ntpr=10, ntr=1, restraint_wt=2.0, restraintmask='!@H=',                 
      /                                                                        
                                                                               

--------------------------------------------------------------------------------
   1.  RESOURCE   USE: 
--------------------------------------------------------------------------------

| Flags:                                                                        
 getting new box info from bottom of inpcrd
|  INFO: Old style inpcrd file read

| peek_ewald_inpcrd: Box info found
|Largest sphere to fit in unit cell has radius =    30.508
| New format PARM file being parsed.
| Version =    1.000 Date = 09/27/17 Time = 14:58:07
 NATOM  =   59712 NTYPES =      26 NBONH =   33128 MBONA  =   27208
 NTHETH =   58920 MTHETA =   37016 NPHIH =  122530 MPHIA  =  118152
 NHPARM =       0 NPARM  =       0 NNB   =  300120 NRES   =    5840
 NBONA  =   27208 NTHETA =   37016 NPHIA =  118152 NUMBND =      85
 NUMANG =     182 NPTRA  =     226 NATYP =      48 NPHB   =       1
 IFBOX  =       1 NMXRS  =      41 IFCAP =       0 NEXTRA =       0
 NCOPY  =       0


|     Memory Use     Allocated
|     Real             4989285
|     Hollerith         184978
|     Integer         12923875
|     Max Pairs       26492224
|     nblistReal        716544
|     nblist Int       3730721
|       Total           213841 kbytes

| Note: 1-4 EEL scale factors are being read from the topology file.

| Note: 1-4 VDW scale factors are being read from the topology file.
| Duplicated    0 dihedrals
| Duplicated    0 dihedrals

     BOX TYPE: RECTILINEAR

--------------------------------------------------------------------------------
   2.  CONTROL  DATA  FOR  THE  RUN
--------------------------------------------------------------------------------

default_name                                                                    

General flags:
     imin    =       1, nmropt  =       0

Nature and format of input:
     ntx     =       1, irest   =       0, ntrx    =       1

Nature and format of output:
     ntxo    =       1, ntpr    =      10, ntrx    =       1, ntwr    =       1
     iwrap   =       0, ntwx    =       0, ntwv    =       0, ntwe    =       0
     ioutfm  =       1, ntwprt  =       0, idecomp =       0, rbornstat=      0

Potential function:
     ntf     =       1, ntb     =       1, igb     =       0, nsnb    =      10
     ipol    =       0, gbsa    =       0, iesp    =       0
     dielc   =   1.00000, cut     =   9.00000, intdiel =   1.00000

Frozen or restrained atoms:
     ibelly  =       0, ntr     =       1
     restraint_wt =   2.00000

Energy minimization:
     maxcyc  =      50, ncyc    =     200, ntmin   =       1
     dx0     =   0.01000, drms    =   0.00010

Ewald parameters:
     verbose =       0, ew_type =       0, nbflag  =       1, use_pme =       1
     vdwmeth =       1, eedmeth =       1, netfrc  =       0
     Box X =  194.707   Box Y =   61.015   Box Z =   92.246
     Alpha =   90.000   Beta  =  116.650   Gamma =   90.000
     NFFT1 =  200       NFFT2 =   64       NFFT3 =   96
     Cutoff=    9.000   Tol   =0.100E-04
     Ewald Coefficient =  0.30768
     Interpolation order =    4
     Setting ifbox to 3 for non-orthogonal unit cell

    LOADING THE CONSTRAINED ATOMS AS GROUPS


   5.  REFERENCE ATOM COORDINATES

      
     Mask !@H=; matches 28944 atoms

--------------------------------------------------------------------------------
   3.  ATOMIC COORDINATES AND VELOCITIES
--------------------------------------------------------------------------------

                                                                                
 begin time read from input coords =     0.000 ps

 Number of triangulated 3-point waters found:     2360

     Sum of charges from parm topology file =  16.03199793
     Assuming uniform neutralizing plasma

--------------------------------------------------------------------------------
   4.  RESULTS
--------------------------------------------------------------------------------

 ---------------------------------------------------
 APPROXIMATING switch and d/dx switch using CUBIC SPLINE INTERPOLATION
 using   5000.0 points per unit in tabled values
 TESTING RELATIVE ERROR over r ranging from 0.0 to cutoff
| CHECK switch(x): max rel err =   0.2738E-14   at   2.422500
| CHECK d/dx switch(x): max rel err =   0.8314E-11   at   2.736960
 ---------------------------------------------------
| Local SIZE OF NONBOND LIST =   13170956
| TOTAL SIZE OF NONBOND LIST =   13170956


   NSTEP       ENERGY          RMS            GMAX         NAME    NUMBER
      1       1.3768E+06     4.0157E+04     7.8497E+06     O       43594

 BOND    =     3701.7382  ANGLE   =    10400.8695  DIHED      =    39956.6822
 VDWAALS =  1390902.6591  EEL     =  -239048.6729  HBOND      =        0.0000
 1-4 VDW =    20726.1289  1-4 EEL =   150200.3736  RESTRAINT  =        0.0000


   NSTEP       ENERGY          RMS            GMAX         NAME    NUMBER
     10       4.0017E+05     1.0890E+04     2.1182E+06     O       43594

 BOND    =     3707.0590  ANGLE   =    10400.8346  DIHED      =    39956.6764
 VDWAALS =   414259.4058  EEL     =  -239076.2163  HBOND      =        0.0000
 1-4 VDW =    20724.7733  1-4 EEL =   150200.3632  RESTRAINT  =        0.0216
 EAMBER  =   400172.8961


   NSTEP       ENERGY          RMS            GMAX         NAME    NUMBER
     20      -2.6135E+04     6.3483E+01     6.9951E+03     O       28666

 BOND    =     3910.3148  ANGLE   =    10385.6308  DIHED      =    39954.0819
 VDWAALS =   -11611.3359  EEL     =  -239154.0841  HBOND      =        0.0000
 1-4 VDW =    20183.2664  1-4 EEL =   150195.7282  RESTRAINT  =        1.0281
 EAMBER  =   -26136.3980


   NSTEP       ENERGY          RMS            GMAX         NAME    NUMBER
     30      -4.8549E+04     5.6408E+00     1.4566E+02     H2      42941

 BOND    =     2459.4951  ANGLE   =     8711.4154  DIHED      =    39756.7672
 VDWAALS =   -22087.7260  EEL     =  -241784.1211  HBOND      =        0.0000
 1-4 VDW =    14763.7616  1-4 EEL =   149610.6140  RESTRAINT  =       20.2939
 EAMBER  =   -48569.7937


   NSTEP       ENERGY          RMS            GMAX         NAME    NUMBER
     40      -6.7703E+04     1.0225E+01     7.2707E+02     H2      13740

 BOND    =     4401.1489  ANGLE   =     6389.8431  DIHED      =    39885.6260
 VDWAALS =   -27337.6898  EEL     =  -252196.3806  HBOND      =        0.0000
 1-4 VDW =    12917.4514  1-4 EEL =   147977.1973  RESTRAINT  =      259.5126
 EAMBER  =   -67962.8038


   NSTEP       ENERGY          RMS            GMAX         NAME    NUMBER
     50      -7.5062E+04     3.5672E+00     2.5520E+02     H2      13740

 BOND    =     2004.0224  ANGLE   =     5990.4082  DIHED      =    39940.8391
 VDWAALS =   -27940.2466  EEL     =  -255757.6169  HBOND      =        0.0000
 1-4 VDW =    12589.8362  1-4 EEL =   147712.5051  RESTRAINT  =      398.4131
 EAMBER  =   -75460.2525


  Maximum number of minimization cycles reached.


                    FINAL RESULTS



   NSTEP       ENERGY          RMS            GMAX         NAME    NUMBER
     50      -7.5062E+04     3.5672E+00     2.5520E+02     H2      13740

 BOND    =     2004.0224  ANGLE   =     5990.4082  DIHED      =    39940.8391
 VDWAALS =   -27940.2466  EEL     =  -255757.6169  HBOND      =        0.0000
 1-4 VDW =    12589.8362  1-4 EEL =   147712.5051  RESTRAINT  =      398.4131
 EAMBER  =   -75460.2525

--------------------------------------------------------------------------------
   5.  TIMINGS
--------------------------------------------------------------------------------

|    Read coords time           0.04 ( 0.06% of Total)
|                Build the list             1.66 (97.26% of List )
|                Other                      0.05 ( 2.74% of List )
|             List time                  1.70 ( 3.27% of Nonbo)
|                   Short_ene time            33.64 (99.33% of Direc)
|                   Other                      0.23 ( 0.67% of Direc)
|                Direct Ewald time         33.86 (67.28% of Ewald)
|                Adjust Ewald time          1.00 ( 1.99% of Ewald)
|                   Fill Bspline coeffs        0.31 ( 2.05% of Recip)
|                   Fill charge grid           1.39 ( 9.35% of Recip)
|                   Scalar sum                 3.67 (24.61% of Recip)
|                   Grad sum                   2.00 (13.42% of Recip)
|                   FFT time                   7.54 (50.57% of Recip)
|                Recip Ewald time          14.92 (29.64% of Ewald)
|                Virial junk                0.12 ( 0.24% of Ewald)
|                Other                      0.43 ( 0.85% of Ewald)
|             Ewald time                50.33 (96.73% of Nonbo)
|          Nonbond force             52.04 (93.54% of Force)
|          Bond/Angle/Dihedral        3.56 ( 6.40% of Force)
|          Other                      0.03 ( 0.06% of Force)
|       Force time                55.63 (100.0% of Runmd)
|    Runmd Time                55.63 (92.09% of Total)
|    Other                      4.74 ( 7.85% of Total)
| Total time                60.41 (100.0% of ALL  )

| Number of list builds   :          2

| Highest rstack allocated:    4172150
| Highest istack allocated:      59712
|           Job began  at 14:58:08.590  on 09/27/2017
|           Setup done at 14:58:09.489  on 09/27/2017
|           Run   done at 14:59:09.002  on 09/27/2017
|     wallclock() was called    1952 times
