
          -------------------------------------------------------
          Amber 18 SANDER                              2018
          -------------------------------------------------------

| Run on 12/17/2018 at 15:26:07

|   Executable path: /home/case/ambermini/bin/sander.LES
| Working directory: /Users/case/phenix_svnf/modules/amber_adaptbx/tests/files/1aho
|          Hostname: Unknown
  [-O]verwriting output

File Assignments:
|  MDIN: 1aho_amber_all.in                                                     
| MDOUT: 1aho.min.out                                                          
|INPCRD: 4amber_1aho.rst7                                                      
|  PARM: 4amber_1aho.prmtop                                                    
|RESTRT: 4amber_1aho.min.rst7                                                  
|  REFC: 4amber_1aho.rst7                                                      
| MDVEL: mdvel                                                                 
| MDFRC: mdfrc                                                                 
|  MDEN: mden                                                                  
| MDCRD: mdcrd                                                                 
|MDINFO: mdinfo                                                                
|  MTMD: mtmd                                                                  
|INPDIP: inpdip                                                                
|RSTDIP: rstdip                                                                
|INPTRA: inptraj                                                               


 Here is the input file:

Initial minimization                                                           
      &cntrl                                                                   
       ntwx   = 0, ntb    = 1, cut    = 9.0,     nsnb   = 10,                  
       imin   = 1, maxcyc = 50, ncyc   = 200, ntmin  = 1, ntxo = 1,            
       ntpr=10, ntr=1, restraint_wt=2.0, restraintmask='!@H=',                 
      /                                                                        
                                                                               

--------------------------------------------------------------------------------
   1.  RESOURCE   USE: 
--------------------------------------------------------------------------------

| Flags: LES                                                                    
 getting new box info from bottom of inpcrd
| peek_ewald_inpcrd: Box info found
|Largest sphere to fit in unit cell has radius =    15.050
 NATOM  =    5456 NTYPES =      24 NBONH =    3392 MBONA  =    2148
 NTHETH =    4220 MTHETA =    2932 NPHIH =    8992 MPHIA  =    9212
 NHPARM =       0 NPARM  =       1 NNB   =   25652 NRES   =     764
 NBONA  =    2148 NTHETA =    2932 NPHIA =    9212 NUMBND =      83
 NUMANG =     184 NPTRA  =     261 NATYP =      34 NPHB   =       1
 IFBOX  =       1 NMXRS  =      26 IFCAP =       0 NEXTRA =       0
 NCOPY  =       2


|     Memory Use     Allocated
|     Real              445468
|     Hollerith          17134
|     Integer           372453
|     Max Pairs        4841290
|     nblistReal         65472
|     nblist Int        290446
|       Total            25559 kbytes

| Note: 1-4 EEL scale factors were NOT found in the topology file.
|       Using default value of 1.2.

| Note: 1-4 VDW scale factors were NOT found in the topology file.
|       Using default value of 2.0.
 LES parameters were found
     560 LES atom pairs require adjustment
| Duplicated    0 dihedrals
| Duplicated    0 dihedrals

     BOX TYPE: RECTILINEAR

--------------------------------------------------------------------------------
   2.  CONTROL  DATA  FOR  THE  RUN
--------------------------------------------------------------------------------

defa                                                                            

General flags:
     imin    =       1, nmropt  =       0

Nature and format of input:
     ntx     =       1, irest   =       0, ntrx    =       1

Nature and format of output:
     ntxo    =       1, ntpr    =      10, ntrx    =       1, ntwr    =       1
     iwrap   =       0, ntwx    =       0, ntwv    =       0, ntwe    =       0
     ioutfm  =       1, ntwprt  =       0, idecomp =       0, rbornstat=      0

Potential function:
     ntf     =       1, ntb     =       1, igb     =       0, nsnb    =      10
     ipol    =       0, gbsa    =       0, iesp    =       0
     dielc   =   1.00000, cut     =   9.00000, intdiel =   1.00000

Frozen or restrained atoms:
     ibelly  =       0, ntr     =       1
     restraint_wt =   2.00000

Energy minimization:
     maxcyc  =      50, ncyc    =     200, ntmin   =       1
     dx0     =   0.01000, drms    =   0.00010

Ewald parameters:
     verbose =       0, ew_type =       0, nbflag  =       1, use_pme =       1
     vdwmeth =       1, eedmeth =       1, netfrc  =       0
     Box X =   45.900   Box Y =   40.700   Box Z =   30.100
     Alpha =   90.000   Beta  =   90.000   Gamma =   90.000
     NFFT1 =   48       NFFT2 =   40       NFFT3 =   30
     Cutoff=    9.000   Tol   =0.100E-04
     Ewald Coefficient =  0.30768
     Interpolation order =    4

    LOADING THE CONSTRAINED ATOMS AS GROUPS


   5.  REFERENCE ATOM COORDINATES

      
     Mask !@H=; matches  2580 atoms

--------------------------------------------------------------------------------
   3.  ATOMIC COORDINATES AND VELOCITIES
--------------------------------------------------------------------------------

                                                                                
 begin time read from input coords =     0.000 ps

 Number of triangulated 3-point waters found:      516

     Sum of charges from parm topology file =   4.00001041
     Assuming uniform neutralizing plasma

--------------------------------------------------------------------------------
   4.  RESULTS
--------------------------------------------------------------------------------

 ---------------------------------------------------
 APPROXIMATING switch and d/dx switch using CUBIC SPLINE INTERPOLATION
 using   5000.0 points per unit in tabled values
 TESTING RELATIVE ERROR over r ranging from 0.0 to cutoff
| CHECK switch(x): max rel err =   0.2738E-14   at   2.422500
| CHECK d/dx switch(x): max rel err =   0.8314E-11   at   2.736960
 ---------------------------------------------------
| Local SIZE OF NONBOND LIST =    1484391
| TOTAL SIZE OF NONBOND LIST =    1484391


   NSTEP       ENERGY          RMS            GMAX         NAME    NUMBER
      1       3.2055E+06     1.2516E+05     4.2328E+06     O        3814

 BOND    =      460.0324  ANGLE   =     3961.0908  DIHED      =     2720.1256
 VDWAALS =  3204699.0368  EEL     =   -19208.2115  HBOND      =        0.0000
 1-4 VDW =     1468.4917  1-4 EEL =    11407.8058  RESTRAINT  =        0.0000


   NSTEP       ENERGY          RMS            GMAX         NAME    NUMBER
     10       2.0880E+06     5.6203E+04     1.8486E+06     O        3814

 BOND    =      466.8379  ANGLE   =     3961.0592  DIHED      =     2720.1250
 VDWAALS =  2087235.1310  EEL     =   -19257.2160  HBOND      =        0.0000
 1-4 VDW =     1468.4893  1-4 EEL =    11407.8047  RESTRAINT  =        0.0214
 EAMBER  =  2088002.2310


   NSTEP       ENERGY          RMS            GMAX         NAME    NUMBER
     20       3.8655E+05     6.1402E+03     1.3342E+05     O        3814

 BOND    =      788.9265  ANGLE   =     3959.9940  DIHED      =     2720.1053
 VDWAALS =   385720.8474  EEL     =   -19521.3127  HBOND      =        0.0000
 1-4 VDW =     1468.4086  1-4 EEL =    11407.7682  RESTRAINT  =        1.1156
 EAMBER  =   386544.7373


   NSTEP       ENERGY          RMS            GMAX         NAME    NUMBER
     30       9.8973E+03     4.0056E+01     5.7926E+02     O        5175

 BOND    =     3966.3992  ANGLE   =     3320.4410  DIHED      =     2708.3212
 VDWAALS =     6504.5904  EEL     =   -19436.8925  HBOND      =        0.0000
 1-4 VDW =     1419.6977  1-4 EEL =    11383.2328  RESTRAINT  =       31.4884
 EAMBER  =     9865.7899


   NSTEP       ENERGY          RMS            GMAX         NAME    NUMBER
     40      -4.1095E+03     2.4205E+01     6.7627E+02     H1       5116

 BOND    =     1066.2760  ANGLE   =      833.3691  DIHED      =     2680.2517
 VDWAALS =     -432.3958  EEL     =   -20755.9868  HBOND      =        0.0000
 1-4 VDW =     1138.1756  1-4 EEL =    11251.9985  RESTRAINT  =      108.8315
 EAMBER  =    -4218.3116


   NSTEP       ENERGY          RMS            GMAX         NAME    NUMBER
     50      -6.5597E+03     4.9177E+00     6.7701E+01     H1       5116

 BOND    =      274.3350  ANGLE   =      619.1580  DIHED      =     2687.1544
 VDWAALS =     -983.2222  EEL     =   -21575.0622  HBOND      =        0.0000
 1-4 VDW =     1065.8851  1-4 EEL =    11213.8859  RESTRAINT  =      138.1908
 EAMBER  =    -6697.8661


  Maximum number of minimization cycles reached.


                    FINAL RESULTS



   NSTEP       ENERGY          RMS            GMAX         NAME    NUMBER
     50      -6.5597E+03     4.9177E+00     6.7701E+01     H1       5116

 BOND    =      274.3350  ANGLE   =      619.1580  DIHED      =     2687.1544
 VDWAALS =     -983.2222  EEL     =   -21575.0622  HBOND      =        0.0000
 1-4 VDW =     1065.8851  1-4 EEL =    11213.8859  RESTRAINT  =      138.1908
 EAMBER  =    -6697.8661

--------------------------------------------------------------------------------
   5.  TIMINGS
--------------------------------------------------------------------------------

|    Read coords time           0.00 ( 0.10% of Total)
|                Build the list             0.06 (89.88% of List )
|                Other                      0.01 (10.12% of List )
|             List time                  0.06 ( 4.38% of Nonbo)
|                   Short_ene time             1.18 (99.44% of Direc)
|                   Other                      0.01 ( 0.56% of Direc)
|                Direct Ewald time          1.18 (84.87% of Ewald)
|                Adjust Ewald time          0.04 ( 2.77% of Ewald)
|                Self Ewald time            0.00 ( 0.01% of Ewald)
|                   Fill Bspline coeffs        0.01 ( 6.84% of Recip)
|                   Fill charge grid           0.02 (12.83% of Recip)
|                   Scalar sum                 0.03 (16.27% of Recip)
|                   Grad sum                   0.04 (24.77% of Recip)
|                   FFT time                   0.07 (39.25% of Recip)
|                   Other                      0.00 ( 0.05% of Recip)
|                Recip Ewald time           0.17 (12.27% of Ewald)
|                Virial junk                0.00 ( 0.05% of Ewald)
|                LES adjust time            0.00 ( 0.02% of Ewald)
|             Ewald time                 1.39 (95.61% of Nonbo)
|          Nonbond force              1.46 (92.70% of Force)
|          Bond/Angle/Dihedral        0.11 ( 7.17% of Force)
|          Other                      0.00 ( 0.13% of Force)
|       Force time                 1.57 (100.0% of Runmd)
|    Runmd Time                 1.57 (82.39% of Total)
|    Other                      0.33 (17.50% of Total)
| Total time                 1.91 (100.0% of ALL  )

| Number of list builds   :          2

| Highest rstack allocated:     277606
| Highest istack allocated:       5456
|           Job began  at 15:26:07.154  on 12/17/2018
|           Setup done at 15:26:07.232  on 12/17/2018
|           Run   done at 15:26:09.065  on 12/17/2018
|     wallclock() was called    2054 times

|3D-RISM memory allocation summary
|Type          Maximum        Current   
|Integer       0.00000 GB     0.00000 GB
|Real          0.00000 GB     0.00000 GB
|Logical       0.00000 GB     0.00000 GB
|Character     0.00000 GB     0.00000 GB
|---------------------------------------
|Total         0.00000 GB     0.00000 GB
